{
    "Should run without failures": {
        "content": [
            {
                "0": [
                    "tests_FinalOut_24Sep25.csv:md5,feed601f74d28ed2abfefa99c15635dc"
                ]
            }
        ],
        "meta": {
            "nf-test": "0.9.2",
            "nextflow": "25.04.7"
        },
        "timestamp": "2025-09-24T15:19:39.078051376"
    }
}