{
    "Should map reads to serotype reference": {
        "content": [
            {
                "0": [
                    [
                        "test",
                        "serotype_test__mlst__Ssuis_serotype__results.txt:md5,1e310455a64cc4c76217a9514d44cb61"
                    ]
                ],
                "1": [
                    [
                        "test",
                        "1"
                    ]
                ],
                "serotype_results": [
                    [
                        "test",
                        "serotype_test__mlst__Ssuis_serotype__results.txt:md5,1e310455a64cc4c76217a9514d44cb61"
                    ]
                ],
                "srst2_sero": [
                    [
                        "test",
                        "1"
                    ]
                ]
            }
        ],
        "meta": {
            "nf-test": "0.9.2",
            "nextflow": "25.04.7"
        },
        "timestamp": "2025-09-24T11:22:13.689694445"
    }
}