{
    "Should map reads to recN reference": {
        "content": [
            {
                "0": [
                    [
                        "test",
                        "recN_test__genes__Ss-recN__results.txt:md5,0bb089d752d10b85412a8e61164d8bfa"
                    ]
                ],
                "1": [
                    [
                        "test",
                        "recN_test__fullgenes__Ss-recN__results.txt:md5,16f7fbd03d482f3a53988763d44c5276"
                    ]
                ],
                "recN_fullgenes": [
                    [
                        "test",
                        "recN_test__fullgenes__Ss-recN__results.txt:md5,16f7fbd03d482f3a53988763d44c5276"
                    ]
                ],
                "recN_genes": [
                    [
                        "test",
                        "recN_test__genes__Ss-recN__results.txt:md5,0bb089d752d10b85412a8e61164d8bfa"
                    ]
                ]
            }
        ],
        "meta": {
            "nf-test": "0.9.2",
            "nextflow": "25.04.7"
        },
        "timestamp": "2025-09-24T10:14:20.086863523"
    }
}